/Users/dennyhl/Desktop/SAT4J-master/org.sat4j.core/src/test/java/org/sat4j/minisat/M2AtLeastTest.java
/Users/dennyhl/Desktop/SAT4J-master/org.sat4j.core/src/test/java/org/sat4j/tools/BackboneTest.java
/Users/dennyhl/Desktop/SAT4J-master/org.sat4j.core/src/test/java/org/sat4j/tools/TestAllMSSes.java
/Users/dennyhl/Desktop/SAT4J-master/org.sat4j.core/src/test/java/org/sat4j/TestQuickXplain.java
/Users/dennyhl/Desktop/SAT4J-master/org.sat4j.core/src/test/java/org/sat4j/minisat/AllTests.java
/Users/dennyhl/Desktop/SAT4J-master/org.sat4j.core/src/test/java/org/sat4j/minisat/core/TestPrimeComputation.java
/Users/dennyhl/Desktop/SAT4J-master/org.sat4j.core/src/test/java/org/sat4j/minisat/core/TestMaxSatDecorator.java
/Users/dennyhl/Desktop/SAT4J-master/org.sat4j.core/src/test/java/org/sat4j/tools/TestAllMUSes.java
/Users/dennyhl/Desktop/SAT4J-master/org.sat4j.core/src/test/java/org/sat4j/tools/TestCheckItIsAMUS.java
/Users/dennyhl/Desktop/SAT4J-master/org.sat4j.core/src/test/java/org/sat4j/minisat/M2BackjumpingTest.java
/Users/dennyhl/Desktop/SAT4J-master/org.sat4j.core/src/test/java/org/sat4j/BugSAT17.java
/Users/dennyhl/Desktop/SAT4J-master/org.sat4j.core/src/test/java/org/sat4j/minisat/AbstractM2Test.java
/Users/dennyhl/Desktop/SAT4J-master/org.sat4j.core/src/test/java/org/sat4j/minisat/core/TestAtMost.java
/Users/dennyhl/Desktop/SAT4J-master/org.sat4j.core/src/test/java/org/sat4j/BugSAT25.java
/Users/dennyhl/Desktop/SAT4J-master/org.sat4j.core/src/test/java/org/sat4j/minisat/M2CardMinYannTest.java
/Users/dennyhl/Desktop/SAT4J-master/org.sat4j.core/src/test/java/org/sat4j/minisat/TestAssertion.java
/Users/dennyhl/Desktop/SAT4J-master/org.sat4j.core/src/test/java/org/sat4j/BugSAT26.java
/Users/dennyhl/Desktop/SAT4J-master/org.sat4j.core/src/test/java/org/sat4j/minisat/AbstractAcceptanceTestCase.java
/Users/dennyhl/Desktop/SAT4J-master/org.sat4j.core/src/test/java/org/sat4j/tools/RemiUtilsTest.java
/Users/dennyhl/Desktop/SAT4J-master/org.sat4j.core/src/test/java/org/sat4j/minisat/core/LboolTest.java
/Users/dennyhl/Desktop/SAT4J-master/org.sat4j.core/src/test/java/org/sat4j/BugSAT18.java
/Users/dennyhl/Desktop/SAT4J-master/org.sat4j.core/src/test/java/org/sat4j/TestDeletionXplain.java
/Users/dennyhl/Desktop/SAT4J-master/org.sat4j.core/src/test/java/org/sat4j/BugSAT117ModelIterator.java
/Users/dennyhl/Desktop/SAT4J-master/org.sat4j.core/src/test/java/org/sat4j/minisat/constraints/TestXor.java
/Users/dennyhl/Desktop/SAT4J-master/org.sat4j.core/src/test/java/org/sat4j/minisat/TestLubyFunction.java
/Users/dennyhl/Desktop/SAT4J-master/org.sat4j.core/src/test/java/org/sat4j/BugSAT37.java
/Users/dennyhl/Desktop/SAT4J-master/org.sat4j.core/src/test/java/org/sat4j/ModelIteratorTest.java
/Users/dennyhl/Desktop/SAT4J-master/org.sat4j.core/src/test/java/org/sat4j/TestConstrGroup.java
/Users/dennyhl/Desktop/SAT4J-master/org.sat4j.core/src/test/java/org/sat4j/minisat/core/BugThomas.java
/Users/dennyhl/Desktop/SAT4J-master/org.sat4j.core/src/test/java/org/sat4j/tools/TestGateTranslator.java
/Users/dennyhl/Desktop/SAT4J-master/org.sat4j.core/src/test/java/org/sat4j/minisat/core/CircularBufferTest.java
/Users/dennyhl/Desktop/SAT4J-master/org.sat4j.core/src/test/java/org/sat4j/BugSAT50.java
/Users/dennyhl/Desktop/SAT4J-master/org.sat4j.core/src/test/java/org/sat4j/minisat/VarOrderTest.java
/Users/dennyhl/Desktop/SAT4J-master/org.sat4j.core/src/test/java/org/sat4j/BugSAT109.java
/Users/dennyhl/Desktop/SAT4J-master/org.sat4j.core/src/test/java/org/sat4j/BugSAT34.java
/Users/dennyhl/Desktop/SAT4J-master/org.sat4j.core/src/test/java/org/sat4j/minisat/core/BugTrivialAssumption.java
/Users/dennyhl/Desktop/SAT4J-master/org.sat4j.core/src/test/java/org/sat4j/minisat/core/HeapLevelTest.java
/Users/dennyhl/Desktop/SAT4J-master/org.sat4j.core/src/test/java/org/sat4j/BugSAT139.java
/Users/dennyhl/Desktop/SAT4J-master/org.sat4j.core/src/test/java/org/sat4j/minisat/core/BugSAT117.java
/Users/dennyhl/Desktop/SAT4J-master/org.sat4j.core/src/test/java/org/sat4j/TestSatAssumps.java
/Users/dennyhl/Desktop/SAT4J-master/org.sat4j.core/src/test/java/org/sat4j/minisat/M2MiniSATTest.java
/Users/dennyhl/Desktop/SAT4J-master/org.sat4j.core/src/test/java/org/sat4j/minisat/core/QueueTest.java
/Users/dennyhl/Desktop/SAT4J-master/org.sat4j.core/src/test/java/org/sat4j/minisat/core/LevelBasedVarOrderTest.java
/Users/dennyhl/Desktop/SAT4J-master/org.sat4j.core/src/test/java/org/sat4j/minisat/core/TestGroupedTimeoutModelEnumeration.java
/Users/dennyhl/Desktop/SAT4J-master/org.sat4j.core/src/test/java/org/sat4j/BugSAT107.java
/Users/dennyhl/Desktop/SAT4J-master/org.sat4j.core/src/test/java/org/sat4j/minisat/M2MiniLearningTest.java
/Users/dennyhl/Desktop/SAT4J-master/org.sat4j.core/src/test/java/org/sat4j/SingleSolutionTest.java
/Users/dennyhl/Desktop/SAT4J-master/org.sat4j.core/src/test/java/org/sat4j/core/JsonReaderTest.java
/Users/dennyhl/Desktop/SAT4J-master/org.sat4j.core/src/test/java/org/sat4j/tools/TestClausalCardinalitiesCommanderEncoding.java
/Users/dennyhl/Desktop/SAT4J-master/org.sat4j.core/src/test/java/org/sat4j/minisat/core/Bug275101.java
/Users/dennyhl/Desktop/SAT4J-master/org.sat4j.core/src/test/java/org/sat4j/minisat/M2CardMaxYannTest.java
/Users/dennyhl/Desktop/SAT4J-master/org.sat4j.core/src/test/java/org/sat4j/tools/TestClausalCardinalitiesBinaryEncoding.java
/Users/dennyhl/Desktop/SAT4J-master/org.sat4j.core/src/test/java/org/sat4j/minisat/GenericM2Test.java
/Users/dennyhl/Desktop/SAT4J-master/org.sat4j.core/src/test/java/org/sat4j/TestSolverEngine.java
/Users/dennyhl/Desktop/SAT4J-master/org.sat4j.core/src/test/java/org/sat4j/BugSAT79.java
/Users/dennyhl/Desktop/SAT4J-master/org.sat4j.core/src/test/java/org/sat4j/minisat/core/BugFatih.java
/Users/dennyhl/Desktop/SAT4J-master/org.sat4j.core/src/test/java/org/sat4j/tools/TestClausalCardinalitiesSequentialEncoding.java
/Users/dennyhl/Desktop/SAT4J-master/org.sat4j.core/src/test/java/org/sat4j/TestQuickXplain2001.java
/Users/dennyhl/Desktop/SAT4J-master/org.sat4j.core/src/test/java/org/sat4j/tools/TestClausalCardinalitiesLadderEncoding.java
/Users/dennyhl/Desktop/SAT4J-master/org.sat4j.core/src/test/java/org/sat4j/BugSAT118.java
/Users/dennyhl/Desktop/SAT4J-master/org.sat4j.core/src/test/java/org/sat4j/BugSAT43.java
/Users/dennyhl/Desktop/SAT4J-master/org.sat4j.core/src/test/java/org/sat4j/AbstractXplainTest.java
/Users/dennyhl/Desktop/SAT4J-master/org.sat4j.core/src/test/java/org/sat4j/tools/NegationDecoratorTest.java
/Users/dennyhl/Desktop/SAT4J-master/org.sat4j.core/src/test/java/org/sat4j/minisat/core/HeapTest.java
/Users/dennyhl/Desktop/SAT4J-master/org.sat4j.core/src/test/java/org/sat4j/TestFreeId.java
/Users/dennyhl/Desktop/SAT4J-master/org.sat4j.core/src/test/java/org/sat4j/TestInsertionXplain.java
/Users/dennyhl/Desktop/SAT4J-master/org.sat4j.core/src/test/java/org/sat4j/minisat/core/BugFatih2.java
/Users/dennyhl/Desktop/SAT4J-master/org.sat4j.core/src/test/java/org/sat4j/tools/TestAllMUSesGroupTest.java
/Users/dennyhl/Desktop/SAT4J-master/org.sat4j.core/src/test/java/org/sat4j/core/VecTest.java
/Users/dennyhl/Desktop/SAT4J-master/org.sat4j.core/src/test/java/org/sat4j/minisat/core/TestSizeComparator.java
/Users/dennyhl/Desktop/SAT4J-master/org.sat4j.core/src/test/java/org/sat4j/BugSAT81.java
/Users/dennyhl/Desktop/SAT4J-master/org.sat4j.core/src/test/java/org/sat4j/BugSAT95.java
/Users/dennyhl/Desktop/SAT4J-master/org.sat4j.core/src/test/java/org/sat4j/minisat/constraints/LitTest.java
/Users/dennyhl/Desktop/SAT4J-master/org.sat4j.core/src/test/java/org/sat4j/minisat/TestsFonctionnels.java
/Users/dennyhl/Desktop/SAT4J-master/org.sat4j.core/src/test/java/org/sat4j/tools/TestClausalCardinalitiesProductEncoding.java
/Users/dennyhl/Desktop/SAT4J-master/org.sat4j.core/src/test/java/org/sat4j/tools/TestClausalCardinalitiesBinomialEncoding.java
/Users/dennyhl/Desktop/SAT4J-master/org.sat4j.core/src/test/java/org/sat4j/tools/TestAllMUSesAndCheckTest.java
/Users/dennyhl/Desktop/SAT4J-master/org.sat4j.core/src/test/java/org/sat4j/minisat/core/BugReset.java
