/Users/dennyhl/Desktop/SAT4J-master/org.sat4j.core/src/main/java/org/sat4j/tools/ExtendedDimacsArrayReader.java
/Users/dennyhl/Desktop/SAT4J-master/org.sat4j.core/src/main/java/org/sat4j/minisat/orders/RandomWalkDecorator.java
/Users/dennyhl/Desktop/SAT4J-master/org.sat4j.core/src/main/java/org/sat4j/minisat/constraints/cnf/WLClause.java
/Users/dennyhl/Desktop/SAT4J-master/org.sat4j.core/src/main/java/org/sat4j/minisat/orders/LevelBasedVarOrderHeap.java
/Users/dennyhl/Desktop/SAT4J-master/org.sat4j.core/src/main/java/org/sat4j/minisat/constraints/card/AtLeast.java
/Users/dennyhl/Desktop/SAT4J-master/org.sat4j.core/src/main/java/org/sat4j/core/Vec.java
/Users/dennyhl/Desktop/SAT4J-master/org.sat4j.core/src/main/java/org/sat4j/minisat/orders/RandomLiteralSelectionStrategy.java
/Users/dennyhl/Desktop/SAT4J-master/org.sat4j.core/src/main/java/org/sat4j/minisat/constraints/MixedDataStructureDanielHT.java
/Users/dennyhl/Desktop/SAT4J-master/org.sat4j.core/src/main/java/org/sat4j/core/DefaultComparator.java
/Users/dennyhl/Desktop/SAT4J-master/org.sat4j.core/src/main/java/org/sat4j/specs/VarMapper.java
/Users/dennyhl/Desktop/SAT4J-master/org.sat4j.core/src/main/java/org/sat4j/tools/MultiTracing.java
/Users/dennyhl/Desktop/SAT4J-master/org.sat4j.core/src/main/java/org/sat4j/tools/xplain/DeletionStrategy.java
/Users/dennyhl/Desktop/SAT4J-master/org.sat4j.core/src/main/java/org/sat4j/minisat/orders/PhaseInLastLearnedClauseSelectionStrategy.java
/Users/dennyhl/Desktop/SAT4J-master/org.sat4j.core/src/main/java/org/sat4j/minisat/learning/AbstractLearning.java
/Users/dennyhl/Desktop/SAT4J-master/org.sat4j.core/src/main/java/org/sat4j/minisat/constraints/xor/Xor.java
/Users/dennyhl/Desktop/SAT4J-master/org.sat4j.core/src/main/java/org/sat4j/minisat/orders/SubsetVarOrder.java
/Users/dennyhl/Desktop/SAT4J-master/org.sat4j.core/src/main/java/org/sat4j/minisat/constraints/package-info.java
/Users/dennyhl/Desktop/SAT4J-master/org.sat4j.core/src/main/java/org/sat4j/minisat/package-info.java
/Users/dennyhl/Desktop/SAT4J-master/org.sat4j.core/src/main/java/org/sat4j/minisat/constraints/cnf/OriginalHTClause.java
/Users/dennyhl/Desktop/SAT4J-master/org.sat4j.core/src/main/java/org/sat4j/minisat/restarts/NoRestarts.java
/Users/dennyhl/Desktop/SAT4J-master/org.sat4j.core/src/main/java/org/sat4j/tools/FileBasedVisualizationTool.java
/Users/dennyhl/Desktop/SAT4J-master/org.sat4j.core/src/main/java/org/sat4j/minisat/core/SizeLCDS.java
/Users/dennyhl/Desktop/SAT4J-master/org.sat4j.core/src/main/java/org/sat4j/minisat/constraints/AbstractCardinalityDataStructure.java
/Users/dennyhl/Desktop/SAT4J-master/org.sat4j.core/src/main/java/org/sat4j/minisat/constraints/cnf/BinaryClause.java
/Users/dennyhl/Desktop/SAT4J-master/org.sat4j.core/src/main/java/org/sat4j/core/ASolverFactory.java
/Users/dennyhl/Desktop/SAT4J-master/org.sat4j.core/src/main/java/org/sat4j/specs/IVec.java
/Users/dennyhl/Desktop/SAT4J-master/org.sat4j.core/src/main/java/org/sat4j/minisat/constraints/MixedDataStructureSingleWL.java
/Users/dennyhl/Desktop/SAT4J-master/org.sat4j.core/src/main/java/org/sat4j/tools/LearnedTracing.java
/Users/dennyhl/Desktop/SAT4J-master/org.sat4j.core/src/main/java/org/sat4j/minisat/restarts/package-info.java
/Users/dennyhl/Desktop/SAT4J-master/org.sat4j.core/src/main/java/org/sat4j/tools/LBDTracing.java
/Users/dennyhl/Desktop/SAT4J-master/org.sat4j.core/src/main/java/org/sat4j/tools/SolverDecorator.java
/Users/dennyhl/Desktop/SAT4J-master/org.sat4j.core/src/main/java/org/sat4j/minisat/constraints/MixedDataStructureDanielWL.java
/Users/dennyhl/Desktop/SAT4J-master/org.sat4j.core/src/main/java/org/sat4j/minisat/constraints/cnf/OriginalBinaryClause.java
/Users/dennyhl/Desktop/SAT4J-master/org.sat4j.core/src/main/java/org/sat4j/minisat/orders/UserFixedPhaseSelectionStrategy.java
/Users/dennyhl/Desktop/SAT4J-master/org.sat4j.core/src/main/java/org/sat4j/reader/EfficientScanner.java
/Users/dennyhl/Desktop/SAT4J-master/org.sat4j.core/src/main/java/org/sat4j/minisat/core/LearnedConstraintsEvaluationType.java
/Users/dennyhl/Desktop/SAT4J-master/org.sat4j.core/src/main/java/org/sat4j/minisat/core/DataStructureFactory.java
/Users/dennyhl/Desktop/SAT4J-master/org.sat4j.core/src/main/java/org/sat4j/minisat/orders/ValuedLit.java
/Users/dennyhl/Desktop/SAT4J-master/org.sat4j.core/src/main/java/org/sat4j/specs/IVecInt.java
/Users/dennyhl/Desktop/SAT4J-master/org.sat4j.core/src/main/java/org/sat4j/minisat/orders/package-info.java
/Users/dennyhl/Desktop/SAT4J-master/org.sat4j.core/src/main/java/org/sat4j/tools/OutcomeListener.java
/Users/dennyhl/Desktop/SAT4J-master/org.sat4j.core/src/main/java/org/sat4j/tools/xplain/Explainer.java
/Users/dennyhl/Desktop/SAT4J-master/org.sat4j.core/src/main/java/org/sat4j/minisat/core/LBDConflictTimer.java
/Users/dennyhl/Desktop/SAT4J-master/org.sat4j.core/src/main/java/org/sat4j/minisat/learning/NoLearningNoHeuristics.java
/Users/dennyhl/Desktop/SAT4J-master/org.sat4j.core/src/main/java/org/sat4j/opt/MinOneDecorator.java
/Users/dennyhl/Desktop/SAT4J-master/org.sat4j.core/src/main/java/org/sat4j/minisat/learning/FixedLengthLearning.java
/Users/dennyhl/Desktop/SAT4J-master/org.sat4j.core/src/main/java/org/sat4j/Messages.java
/Users/dennyhl/Desktop/SAT4J-master/org.sat4j.core/src/main/java/org/sat4j/minisat/core/Glucose2LCDS.java
/Users/dennyhl/Desktop/SAT4J-master/org.sat4j.core/src/main/java/org/sat4j/minisat/orders/RSATPhaseSelectionStrategy.java
/Users/dennyhl/Desktop/SAT4J-master/org.sat4j.core/src/main/java/org/sat4j/minisat/core/CounterBasedPrimeImplicantStrategy.java
/Users/dennyhl/Desktop/SAT4J-master/org.sat4j.core/src/main/java/org/sat4j/tools/Minimal4CardinalityModel.java
/Users/dennyhl/Desktop/SAT4J-master/org.sat4j.core/src/main/java/org/sat4j/ExitCode.java
/Users/dennyhl/Desktop/SAT4J-master/org.sat4j.core/src/main/java/org/sat4j/minisat/constraints/cnf/BinaryClauses.java
/Users/dennyhl/Desktop/SAT4J-master/org.sat4j.core/src/main/java/org/sat4j/minisat/core/Learner.java
/Users/dennyhl/Desktop/SAT4J-master/org.sat4j.core/src/main/java/org/sat4j/minisat/learning/package-info.java
/Users/dennyhl/Desktop/SAT4J-master/org.sat4j.core/src/main/java/org/sat4j/core/LiteralsUtils.java
/Users/dennyhl/Desktop/SAT4J-master/org.sat4j.core/src/main/java/org/sat4j/tools/xplain/package-info.java
/Users/dennyhl/Desktop/SAT4J-master/org.sat4j.core/src/main/java/org/sat4j/tools/ModelIterator.java
/Users/dennyhl/Desktop/SAT4J-master/org.sat4j.core/src/main/java/org/sat4j/tools/GateTranslator.java
/Users/dennyhl/Desktop/SAT4J-master/org.sat4j.core/src/main/java/org/sat4j/tools/AllMUSes.java
/Users/dennyhl/Desktop/SAT4J-master/org.sat4j.core/src/main/java/org/sat4j/minisat/constraints/cnf/Lits.java
/Users/dennyhl/Desktop/SAT4J-master/org.sat4j.core/src/main/java/org/sat4j/tools/FullClauseSelectorSolver.java
/Users/dennyhl/Desktop/SAT4J-master/org.sat4j.core/src/main/java/org/sat4j/tools/HeuristicsTracing.java
/Users/dennyhl/Desktop/SAT4J-master/org.sat4j.core/src/main/java/org/sat4j/minisat/learning/MiniSATLearning.java
/Users/dennyhl/Desktop/SAT4J-master/org.sat4j.core/src/main/java/org/sat4j/minisat/core/ISimplifier.java
/Users/dennyhl/Desktop/SAT4J-master/org.sat4j.core/src/main/java/org/sat4j/tools/ClausalCardinalitiesDecorator.java
/Users/dennyhl/Desktop/SAT4J-master/org.sat4j.core/src/main/java/org/sat4j/minisat/constraints/ClausalDataStructureWL.java
/Users/dennyhl/Desktop/SAT4J-master/org.sat4j.core/src/main/java/org/sat4j/minisat/orders/VarOrderHeap.java
/Users/dennyhl/Desktop/SAT4J-master/org.sat4j.core/src/main/java/org/sat4j/opt/MaxSatDecorator.java
/Users/dennyhl/Desktop/SAT4J-master/org.sat4j.core/src/main/java/org/sat4j/tools/DimacsStringSolver.java
/Users/dennyhl/Desktop/SAT4J-master/org.sat4j.core/src/main/java/org/sat4j/minisat/constraints/card/MaxWatchCard.java
/Users/dennyhl/Desktop/SAT4J-master/org.sat4j.core/src/main/java/org/sat4j/tools/encoding/Product.java
/Users/dennyhl/Desktop/SAT4J-master/org.sat4j.core/src/main/java/org/sat4j/minisat/core/ActivityComparator.java
/Users/dennyhl/Desktop/SAT4J-master/org.sat4j.core/src/main/java/org/sat4j/tools/encoding/EncodingStrategyAdapter.java
/Users/dennyhl/Desktop/SAT4J-master/org.sat4j.core/src/main/java/org/sat4j/minisat/constraints/cnf/HTClause.java
/Users/dennyhl/Desktop/SAT4J-master/org.sat4j.core/src/main/java/org/sat4j/minisat/core/ConflictTimerContainer.java
/Users/dennyhl/Desktop/SAT4J-master/org.sat4j.core/src/main/java/org/sat4j/minisat/restarts/LubyRestarts.java
/Users/dennyhl/Desktop/SAT4J-master/org.sat4j.core/src/main/java/org/sat4j/tools/Minimal4InclusionModel.java
/Users/dennyhl/Desktop/SAT4J-master/org.sat4j.core/src/main/java/org/sat4j/specs/Lbool.java
/Users/dennyhl/Desktop/SAT4J-master/org.sat4j.core/src/main/java/org/sat4j/tools/ManyCore.java
/Users/dennyhl/Desktop/SAT4J-master/org.sat4j.core/src/main/java/org/sat4j/specs/UnitClauseProvider.java
/Users/dennyhl/Desktop/SAT4J-master/org.sat4j.core/src/main/java/org/sat4j/minisat/orders/ActivityBasedVariableComparator.java
/Users/dennyhl/Desktop/SAT4J-master/org.sat4j.core/src/main/java/org/sat4j/minisat/orders/RSATLastLearnedClausesPhaseSelectionStrategy.java
/Users/dennyhl/Desktop/SAT4J-master/org.sat4j.core/src/main/java/org/sat4j/tools/xplain/InsertionStrategy.java
/Users/dennyhl/Desktop/SAT4J-master/org.sat4j.core/src/main/java/org/sat4j/core/EmptyVecInt.java
/Users/dennyhl/Desktop/SAT4J-master/org.sat4j.core/src/main/java/org/sat4j/tools/xplain/QuickXplainStrategy.java
/Users/dennyhl/Desktop/SAT4J-master/org.sat4j.core/src/main/java/org/sat4j/minisat/constraints/cnf/UnitClauses.java
/Users/dennyhl/Desktop/SAT4J-master/org.sat4j.core/src/main/java/org/sat4j/tools/GroupClauseSelectorSolver.java
/Users/dennyhl/Desktop/SAT4J-master/org.sat4j.core/src/main/java/org/sat4j/reader/JSONReader.java
/Users/dennyhl/Desktop/SAT4J-master/org.sat4j.core/src/main/java/org/sat4j/tools/SolutionFoundListener.java
/Users/dennyhl/Desktop/SAT4J-master/org.sat4j.core/src/main/java/org/sat4j/tools/xplain/HighLevelXplain.java
/Users/dennyhl/Desktop/SAT4J-master/org.sat4j.core/src/main/java/org/sat4j/minisat/orders/PhaseCachingAutoEraseStrategy.java
/Users/dennyhl/Desktop/SAT4J-master/org.sat4j.core/src/main/java/org/sat4j/tools/ConflictDepthTracing.java
/Users/dennyhl/Desktop/SAT4J-master/org.sat4j.core/src/main/java/org/sat4j/opt/package-info.java
/Users/dennyhl/Desktop/SAT4J-master/org.sat4j.core/src/main/java/org/sat4j/tools/TextOutputTracing.java
/Users/dennyhl/Desktop/SAT4J-master/org.sat4j.core/src/main/java/org/sat4j/minisat/orders/VariableComparator.java
/Users/dennyhl/Desktop/SAT4J-master/org.sat4j.core/src/main/java/org/sat4j/minisat/learning/NoLearningButHeuristics.java
/Users/dennyhl/Desktop/SAT4J-master/org.sat4j.core/src/main/java/org/sat4j/minisat/core/VoidTracing.java
/Users/dennyhl/Desktop/SAT4J-master/org.sat4j.core/src/main/java/org/sat4j/minisat/core/ConstrActivityListener.java
/Users/dennyhl/Desktop/SAT4J-master/org.sat4j.core/src/main/java/org/sat4j/reader/package-info.java
/Users/dennyhl/Desktop/SAT4J-master/org.sat4j.core/src/main/java/org/sat4j/tools/StatisticsSolver.java
/Users/dennyhl/Desktop/SAT4J-master/org.sat4j.core/src/main/java/org/sat4j/minisat/SolverFactory.java
/Users/dennyhl/Desktop/SAT4J-master/org.sat4j.core/src/main/java/org/sat4j/tools/SubModelIterator.java
/Users/dennyhl/Desktop/SAT4J-master/org.sat4j.core/src/main/java/org/sat4j/specs/RandomAccessModel.java
/Users/dennyhl/Desktop/SAT4J-master/org.sat4j.core/src/main/java/org/sat4j/minisat/core/ActivityListener.java
/Users/dennyhl/Desktop/SAT4J-master/org.sat4j.core/src/main/java/org/sat4j/minisat/constraints/cnf/OriginalWLClause.java
/Users/dennyhl/Desktop/SAT4J-master/org.sat4j.core/src/main/java/org/sat4j/minisat/learning/LimitedLearning.java
/Users/dennyhl/Desktop/SAT4J-master/org.sat4j.core/src/main/java/org/sat4j/minisat/core/GlucoseLCDS.java
/Users/dennyhl/Desktop/SAT4J-master/org.sat4j.core/src/main/java/org/sat4j/package-info.java
/Users/dennyhl/Desktop/SAT4J-master/org.sat4j.core/src/main/java/org/sat4j/specs/ISolverService.java
/Users/dennyhl/Desktop/SAT4J-master/org.sat4j.core/src/main/java/org/sat4j/specs/ILogAble.java
/Users/dennyhl/Desktop/SAT4J-master/org.sat4j.core/src/main/java/org/sat4j/minisat/constraints/cnf/CBClause.java
/Users/dennyhl/Desktop/SAT4J-master/org.sat4j.core/src/main/java/org/sat4j/minisat/restarts/MiniSATRestarts.java
/Users/dennyhl/Desktop/SAT4J-master/org.sat4j.core/src/main/java/org/sat4j/reader/DimacsReader.java
/Users/dennyhl/Desktop/SAT4J-master/org.sat4j.core/src/main/java/org/sat4j/minisat/core/Heap.java
/Users/dennyhl/Desktop/SAT4J-master/org.sat4j.core/src/main/java/org/sat4j/specs/TimeoutException.java
/Users/dennyhl/Desktop/SAT4J-master/org.sat4j.core/src/main/java/org/sat4j/reader/GroupedCNFReader.java
/Users/dennyhl/Desktop/SAT4J-master/org.sat4j.core/src/main/java/org/sat4j/minisat/core/RestartStrategy.java
/Users/dennyhl/Desktop/SAT4J-master/org.sat4j.core/src/main/java/org/sat4j/minisat/orders/LevelAndActivityVariableComparator.java
/Users/dennyhl/Desktop/SAT4J-master/org.sat4j.core/src/main/java/org/sat4j/minisat/restarts/ArminRestarts.java
/Users/dennyhl/Desktop/SAT4J-master/org.sat4j.core/src/main/java/org/sat4j/minisat/core/AgeLCDS.java
/Users/dennyhl/Desktop/SAT4J-master/org.sat4j.core/src/main/java/org/sat4j/tools/AbstractClauseSelectorSolver.java
/Users/dennyhl/Desktop/SAT4J-master/org.sat4j.core/src/main/java/org/sat4j/tools/encoding/Binomial.java
/Users/dennyhl/Desktop/SAT4J-master/org.sat4j.core/src/main/java/org/sat4j/tools/IVisualizationTool.java
/Users/dennyhl/Desktop/SAT4J-master/org.sat4j.core/src/main/java/org/sat4j/tools/DecisionTracing.java
/Users/dennyhl/Desktop/SAT4J-master/org.sat4j.core/src/main/java/org/sat4j/minisat/core/IPhaseSelectionStrategy.java
/Users/dennyhl/Desktop/SAT4J-master/org.sat4j.core/src/main/java/org/sat4j/minisat/constraints/cnf/LearntBinaryClause.java
/Users/dennyhl/Desktop/SAT4J-master/org.sat4j.core/src/main/java/org/sat4j/specs/IGroupSolver.java
/Users/dennyhl/Desktop/SAT4J-master/org.sat4j.core/src/main/java/org/sat4j/ILauncherMode.java
/Users/dennyhl/Desktop/SAT4J-master/org.sat4j.core/src/main/java/org/sat4j/specs/IOptimizationProblem.java
/Users/dennyhl/Desktop/SAT4J-master/org.sat4j.core/src/main/java/org/sat4j/tools/ConflictLevelTracing.java
/Users/dennyhl/Desktop/SAT4J-master/org.sat4j.core/src/main/java/org/sat4j/BasicLauncher.java
/Users/dennyhl/Desktop/SAT4J-master/org.sat4j.core/src/main/java/org/sat4j/minisat/core/MemoryBasedConflictTimer.java
/Users/dennyhl/Desktop/SAT4J-master/org.sat4j.core/src/main/java/org/sat4j/minisat/learning/PercentLengthLearning.java
/Users/dennyhl/Desktop/SAT4J-master/org.sat4j.core/src/main/java/org/sat4j/minisat/core/CircularBuffer.java
/Users/dennyhl/Desktop/SAT4J-master/org.sat4j.core/src/main/java/org/sat4j/tools/DimacsArrayReader.java
/Users/dennyhl/Desktop/SAT4J-master/org.sat4j.core/src/main/java/org/sat4j/minisat/core/WatcherBasedPrimeImplicantStrategy.java
/Users/dennyhl/Desktop/SAT4J-master/org.sat4j.core/src/main/java/org/sat4j/minisat/constraints/CardinalityDataStructure.java
/Users/dennyhl/Desktop/SAT4J-master/org.sat4j.core/src/main/java/org/sat4j/minisat/restarts/EMARestarts.java
/Users/dennyhl/Desktop/SAT4J-master/org.sat4j.core/src/main/java/org/sat4j/tools/DotSearchTracing.java
/Users/dennyhl/Desktop/SAT4J-master/org.sat4j.core/src/main/java/org/sat4j/minisat/core/ICDCL.java
/Users/dennyhl/Desktop/SAT4J-master/org.sat4j.core/src/main/java/org/sat4j/reader/AIGReader.java
/Users/dennyhl/Desktop/SAT4J-master/org.sat4j.core/src/main/java/org/sat4j/tools/encoding/Ladder.java
/Users/dennyhl/Desktop/SAT4J-master/org.sat4j.core/src/main/java/org/sat4j/tools/DecisionLevelTracing.java
/Users/dennyhl/Desktop/SAT4J-master/org.sat4j.core/src/main/java/org/sat4j/tools/AbstractMinimalModel.java
/Users/dennyhl/Desktop/SAT4J-master/org.sat4j.core/src/main/java/org/sat4j/minisat/orders/AbstractPhaserecordingSelectionStrategy.java
/Users/dennyhl/Desktop/SAT4J-master/org.sat4j.core/src/main/java/org/sat4j/MUSLauncher.java
/Users/dennyhl/Desktop/SAT4J-master/org.sat4j.core/src/main/java/org/sat4j/specs/UnitPropagationListener.java
/Users/dennyhl/Desktop/SAT4J-master/org.sat4j.core/src/main/java/org/sat4j/minisat/core/SolverStats.java
/Users/dennyhl/Desktop/SAT4J-master/org.sat4j.core/src/main/java/org/sat4j/reader/InstanceReader.java
/Users/dennyhl/Desktop/SAT4J-master/org.sat4j.core/src/main/java/org/sat4j/tools/LearnedClauseSizeTracing.java
/Users/dennyhl/Desktop/SAT4J-master/org.sat4j.core/src/main/java/org/sat4j/tools/EmptySolver.java
/Users/dennyhl/Desktop/SAT4J-master/org.sat4j.core/src/main/java/org/sat4j/minisat/orders/NegativeLiteralSelectionStrategy.java
/Users/dennyhl/Desktop/SAT4J-master/org.sat4j.core/src/main/java/org/sat4j/tools/encoding/package-info.java
/Users/dennyhl/Desktop/SAT4J-master/org.sat4j.core/src/main/java/org/sat4j/specs/Propagatable.java
/Users/dennyhl/Desktop/SAT4J-master/org.sat4j.core/src/main/java/org/sat4j/minisat/core/IOrder.java
/Users/dennyhl/Desktop/SAT4J-master/org.sat4j.core/src/main/java/org/sat4j/reader/Reader.java
/Users/dennyhl/Desktop/SAT4J-master/org.sat4j.core/src/main/java/org/sat4j/tools/OptToSatAdapter.java
/Users/dennyhl/Desktop/SAT4J-master/org.sat4j.core/src/main/java/org/sat4j/minisat/core/ILits.java
/Users/dennyhl/Desktop/SAT4J-master/org.sat4j.core/src/main/java/org/sat4j/tools/NegationDecorator.java
/Users/dennyhl/Desktop/SAT4J-master/org.sat4j.core/src/main/java/org/sat4j/tools/SearchEnumeratorListener.java
/Users/dennyhl/Desktop/SAT4J-master/org.sat4j.core/src/main/java/org/sat4j/core/VecInt.java
/Users/dennyhl/Desktop/SAT4J-master/org.sat4j.core/src/main/java/org/sat4j/minisat/core/ConflictTimerAdapter.java
/Users/dennyhl/Desktop/SAT4J-master/org.sat4j.core/src/main/java/org/sat4j/minisat/constraints/CardinalityDataStructureYanMax.java
/Users/dennyhl/Desktop/SAT4J-master/org.sat4j.core/src/main/java/org/sat4j/specs/package-info.java
/Users/dennyhl/Desktop/SAT4J-master/org.sat4j.core/src/main/java/org/sat4j/minisat/constraints/card/MinWatchCard.java
/Users/dennyhl/Desktop/SAT4J-master/org.sat4j.core/src/main/java/org/sat4j/specs/IProblem.java
/Users/dennyhl/Desktop/SAT4J-master/org.sat4j.core/src/main/java/org/sat4j/minisat/orders/PureOrder.java
/Users/dennyhl/Desktop/SAT4J-master/org.sat4j.core/src/main/java/org/sat4j/minisat/core/ActivityLCDS.java
/Users/dennyhl/Desktop/SAT4J-master/org.sat4j.core/src/main/java/org/sat4j/tools/SearchListenerAdapter.java
/Users/dennyhl/Desktop/SAT4J-master/org.sat4j.core/src/main/java/org/sat4j/minisat/core/package-info.java
/Users/dennyhl/Desktop/SAT4J-master/org.sat4j.core/src/main/java/org/sat4j/minisat/constraints/cnf/LearntWLClause.java
/Users/dennyhl/Desktop/SAT4J-master/org.sat4j.core/src/main/java/org/sat4j/opt/AbstractSelectorVariablesDecorator.java
/Users/dennyhl/Desktop/SAT4J-master/org.sat4j.core/src/main/java/org/sat4j/tools/Backbone.java
/Users/dennyhl/Desktop/SAT4J-master/org.sat4j.core/src/main/java/org/sat4j/core/ConstrGroup.java
/Users/dennyhl/Desktop/SAT4J-master/org.sat4j.core/src/main/java/org/sat4j/minisat/restarts/FixedPeriodRestarts.java
/Users/dennyhl/Desktop/SAT4J-master/org.sat4j.core/src/main/java/org/sat4j/tools/DimacsOutputSolver.java
/Users/dennyhl/Desktop/SAT4J-master/org.sat4j.core/src/main/java/org/sat4j/minisat/learning/ActiveLearning.java
/Users/dennyhl/Desktop/SAT4J-master/org.sat4j.core/src/main/java/org/sat4j/core/ReadOnlyVec.java
/Users/dennyhl/Desktop/SAT4J-master/org.sat4j.core/src/main/java/org/sat4j/minisat/constraints/card/package-info.java
/Users/dennyhl/Desktop/SAT4J-master/org.sat4j.core/src/main/java/org/sat4j/specs/Constr.java
/Users/dennyhl/Desktop/SAT4J-master/org.sat4j.core/src/main/java/org/sat4j/specs/IteratorInt.java
/Users/dennyhl/Desktop/SAT4J-master/org.sat4j.core/src/main/java/org/sat4j/tools/xplain/QuickXplain2001Strategy.java
/Users/dennyhl/Desktop/SAT4J-master/org.sat4j.core/src/main/java/org/sat4j/minisat/core/Undoable.java
/Users/dennyhl/Desktop/SAT4J-master/org.sat4j.core/src/main/java/org/sat4j/tools/SpeedTracing.java
/Users/dennyhl/Desktop/SAT4J-master/org.sat4j.core/src/main/java/org/sat4j/minisat/learning/ClauseOnlyLearning.java
/Users/dennyhl/Desktop/SAT4J-master/org.sat4j.core/src/main/java/org/sat4j/tools/RupSearchListener.java
/Users/dennyhl/Desktop/SAT4J-master/org.sat4j.core/src/main/java/org/sat4j/tools/CheckMUSSolutionListener.java
/Users/dennyhl/Desktop/SAT4J-master/org.sat4j.core/src/main/java/org/sat4j/tools/xplain/Xplain.java
/Users/dennyhl/Desktop/SAT4J-master/org.sat4j.core/src/main/java/org/sat4j/minisat/restarts/Glucose21Restarts.java
/Users/dennyhl/Desktop/SAT4J-master/org.sat4j.core/src/main/java/org/sat4j/minisat/core/QuadraticPrimeImplicantStrategy.java
/Users/dennyhl/Desktop/SAT4J-master/org.sat4j.core/src/main/java/org/sat4j/specs/MandatoryLiteralListener.java
/Users/dennyhl/Desktop/SAT4J-master/org.sat4j.core/src/main/java/org/sat4j/tools/encoding/EncodingStrategy.java
/Users/dennyhl/Desktop/SAT4J-master/org.sat4j.core/src/main/java/org/sat4j/tools/encoding/Binary.java
/Users/dennyhl/Desktop/SAT4J-master/org.sat4j.core/src/main/java/org/sat4j/minisat/core/SimplificationType.java
/Users/dennyhl/Desktop/SAT4J-master/org.sat4j.core/src/main/java/org/sat4j/minisat/constraints/CardinalityDataStructureYanMin.java
/Users/dennyhl/Desktop/SAT4J-master/org.sat4j.core/src/main/java/org/sat4j/DecisionMode.java
/Users/dennyhl/Desktop/SAT4J-master/org.sat4j.core/src/main/java/org/sat4j/tools/IBackboneProgressListener.java
/Users/dennyhl/Desktop/SAT4J-master/org.sat4j.core/src/main/java/org/sat4j/specs/SearchListener.java
/Users/dennyhl/Desktop/SAT4J-master/org.sat4j.core/src/main/java/org/sat4j/reader/ParseFormatException.java
/Users/dennyhl/Desktop/SAT4J-master/org.sat4j.core/src/main/java/org/sat4j/specs/ISolver.java
/Users/dennyhl/Desktop/SAT4J-master/org.sat4j.core/src/main/java/org/sat4j/tools/AbstractOutputSolver.java
/Users/dennyhl/Desktop/SAT4J-master/org.sat4j.core/src/main/java/org/sat4j/tools/xplain/MinimizationStrategy.java
/Users/dennyhl/Desktop/SAT4J-master/org.sat4j.core/src/main/java/org/sat4j/AbstractOptimizationLauncher.java
/Users/dennyhl/Desktop/SAT4J-master/org.sat4j.core/src/main/java/org/sat4j/minisat/constraints/cnf/package-info.java
/Users/dennyhl/Desktop/SAT4J-master/org.sat4j.core/src/main/java/org/sat4j/minisat/core/LearnedConstraintsDeletionStrategy.java
/Users/dennyhl/Desktop/SAT4J-master/org.sat4j.core/src/main/java/org/sat4j/minisat/core/IntQueue.java
/Users/dennyhl/Desktop/SAT4J-master/org.sat4j.core/src/main/java/org/sat4j/LightFactory.java
/Users/dennyhl/Desktop/SAT4J-master/org.sat4j.core/src/main/java/org/sat4j/specs/ContradictionException.java
/Users/dennyhl/Desktop/SAT4J-master/org.sat4j.core/src/main/java/org/sat4j/minisat/core/ConflictTimer.java
/Users/dennyhl/Desktop/SAT4J-master/org.sat4j.core/src/main/java/org/sat4j/minisat/orders/PositiveLiteralSelectionStrategy.java
/Users/dennyhl/Desktop/SAT4J-master/org.sat4j.core/src/main/java/org/sat4j/AbstractLauncher.java
/Users/dennyhl/Desktop/SAT4J-master/org.sat4j.core/src/main/java/org/sat4j/minisat/orders/TabuListDecorator.java
/Users/dennyhl/Desktop/SAT4J-master/org.sat4j.core/src/main/java/org/sat4j/minisat/constraints/cnf/LearntHTClause.java
/Users/dennyhl/Desktop/SAT4J-master/org.sat4j.core/src/main/java/org/sat4j/tools/encoding/Commander.java
/Users/dennyhl/Desktop/SAT4J-master/org.sat4j.core/src/main/java/org/sat4j/tools/RemiUtils.java
/Users/dennyhl/Desktop/SAT4J-master/org.sat4j.core/src/main/java/org/sat4j/core/ReadOnlyVecInt.java
/Users/dennyhl/Desktop/SAT4J-master/org.sat4j.core/src/main/java/org/sat4j/core/package-info.java
/Users/dennyhl/Desktop/SAT4J-master/org.sat4j.core/src/main/java/org/sat4j/reader/LecteurDimacs.java
/Users/dennyhl/Desktop/SAT4J-master/org.sat4j.core/src/main/java/org/sat4j/tools/package-info.java
/Users/dennyhl/Desktop/SAT4J-master/org.sat4j.core/src/main/java/org/sat4j/tools/encoding/Sequential.java
/Users/dennyhl/Desktop/SAT4J-master/org.sat4j.core/src/main/java/org/sat4j/tools/LexicoDecorator.java
/Users/dennyhl/Desktop/SAT4J-master/org.sat4j.core/src/main/java/org/sat4j/tools/SolutionCounter.java
/Users/dennyhl/Desktop/SAT4J-master/org.sat4j.core/src/main/java/org/sat4j/OptimizationMode.java
/Users/dennyhl/Desktop/SAT4J-master/org.sat4j.core/src/main/java/org/sat4j/minisat/constraints/cnf/UnitClause.java
/Users/dennyhl/Desktop/SAT4J-master/org.sat4j.core/src/main/java/org/sat4j/minisat/constraints/MixedDataStructureDanielWLConciseBinary.java
/Users/dennyhl/Desktop/SAT4J-master/org.sat4j.core/src/main/java/org/sat4j/minisat/core/SearchParams.java
/Users/dennyhl/Desktop/SAT4J-master/org.sat4j.core/src/main/java/org/sat4j/minisat/core/Counter.java
/Users/dennyhl/Desktop/SAT4J-master/org.sat4j.core/src/main/java/org/sat4j/tools/SearchMinOneListener.java
/Users/dennyhl/Desktop/SAT4J-master/org.sat4j.core/src/main/java/org/sat4j/minisat/constraints/AbstractDataStructureFactory.java
/Users/dennyhl/Desktop/SAT4J-master/org.sat4j.core/src/main/java/org/sat4j/tools/SingleSolutionDetector.java
/Users/dennyhl/Desktop/SAT4J-master/org.sat4j.core/src/main/java/org/sat4j/tools/encoding/Policy.java
/Users/dennyhl/Desktop/SAT4J-master/org.sat4j.core/src/main/java/org/sat4j/minisat/core/VarActivityListener.java
/Users/dennyhl/Desktop/SAT4J-master/org.sat4j.core/src/main/java/org/sat4j/reader/AAGReader.java
/Users/dennyhl/Desktop/SAT4J-master/org.sat4j.core/src/main/java/org/sat4j/minisat/core/PrimeImplicantStrategy.java
/Users/dennyhl/Desktop/SAT4J-master/org.sat4j.core/src/main/java/org/sat4j/tools/ModelIteratorToSATAdapter.java
/Users/dennyhl/Desktop/SAT4J-master/org.sat4j.core/src/main/java/org/sat4j/minisat/core/SizeComparator.java
/Users/dennyhl/Desktop/SAT4J-master/org.sat4j.core/src/main/java/org/sat4j/tools/LearnedClausesSizeTracing.java
/Users/dennyhl/Desktop/SAT4J-master/org.sat4j.core/src/main/java/org/sat4j/minisat/core/LearningStrategy.java
/Users/dennyhl/Desktop/SAT4J-master/org.sat4j.core/src/main/java/org/sat4j/minisat/core/Solver.java
/Users/dennyhl/Desktop/SAT4J-master/org.sat4j.core/src/main/java/org/sat4j/minisat/constraints/cnf/Clauses.java
/Users/dennyhl/Desktop/SAT4J-master/org.sat4j.core/src/main/java/org/sat4j/specs/IConstr.java
/Users/dennyhl/Desktop/SAT4J-master/org.sat4j.core/src/main/java/org/sat4j/minisat/core/Pair.java
